../Core/Src/main.c:95:5:main	32	static
../Core/Src/main.c:161:6:SystemClock_Config	120	static
../Core/Src/main.c:222:13:MX_ETH_Init	8	static
../Core/Src/main.c:271:13:MX_I2C1_Init	8	static
../Core/Src/main.c:319:13:MX_USART3_UART_Init	8	static
../Core/Src/main.c:367:13:MX_USB_OTG_FS_PCD_Init	8	static
../Core/Src/main.c:403:13:MX_GPIO_Init	56	static
../Core/Src/main.c:461:19:read_reg	32	static
../Core/Src/main.c:486:19:write_reg	40	static
../Core/Src/main.c:512:6:Error_Handler	4	static,ignoring_inline_asm
